// Jest Snapshot v1, https://goo.gl/fbAQLP

exports[`renders correctly 1`] = `
<div>
  <ul
    className="map-controls-popover-list fadein"
  />
</div>
`;
